(base) shravan-s@shravan-s-HP-Laptop-15-fd0xxx:~/Code/Compilers/Compilers 2/quirc$ bison -d -o src/yacc.cpp src/yacc.y >> error.log
src/yacc.y:178.13-14: error: $5 of ‘function_definition’ has no declared type
  178 |         if ($5) $$->add_child($5);
      |             ^~
src/yacc.y:178.31-32: error: $5 of ‘function_definition’ has no declared type
  178 |         if ($5) $$->add_child($5);
      |                               ^~
src/yacc.y:115.6: warning: empty rule for typed nonterminal, and no action [-Wother]
  115 |     :
      |      ^
src/yacc.y:343.6: warning: empty rule for typed nonterminal, and no action [-Wother]
  343 |     :
      |      ^
src/yacc.y:392.6: warning: empty rule for typed nonterminal, and no action [-Wother]
  392 |     :
      |      ^
src/yacc.y:574.6: warning: empty rule for typed nonterminal, and no action [-Wother]
  574 |     :
      |      ^
src/yacc.y:595.6: warning: empty rule for typed nonterminal, and no action [-Wother]
  595 |     :
      |      ^
src/yacc.y:617.6: warning: empty rule for typed nonterminal, and no action [-Wother]
  617 |     :
      |      ^
(base) shravan-s@shravan-s-HP-Laptop-15-fd0xxx:~/Code/Compilers/Compilers 2/quirc$ bison -d -o src/yacc.cpp src/yacc.y >> error.log
src/yacc.y:115.6: warning: empty rule for typed nonterminal, and no action [-Wother]
  115 |     :
      |      ^
src/yacc.y:343.6: warning: empty rule for typed nonterminal, and no action [-Wother]
  343 |     :
      |      ^
src/yacc.y:392.6: warning: empty rule for typed nonterminal, and no action [-Wother]
  392 |     :
      |      ^
src/yacc.y:574.6: warning: empty rule for typed nonterminal, and no action [-Wother]
  574 |     :
      |      ^
src/yacc.y:595.6: warning: empty rule for typed nonterminal, and no action [-Wother]
  595 |     :
      |      ^
src/yacc.y:617.6: warning: empty rule for typed nonterminal, and no action [-Wother]
  617 |     :
      |      ^
src/yacc.y: warning: 16 shift/reduce conflicts [-Wconflicts-sr]
src/yacc.y: note: rerun with option '-Wcounterexamples' to generate conflict counterexamples